// Jest Snapshot v1, https://goo.gl/fbAQLP

exports[`AudioVisualiser should render correctly 1`] = `
<canvas
  height="256"
  width="800"
/>
`;
